auditing 21 seeded workbooks

  benjamin_rogers__1229__ENRON_$orion_1099.xlsx  seeds  2  found  2  fp   0  proved  2            3.1s
  benjamin_rogers__1257__Case 1 Ch 3 version 3.x seeds  4  found  3  fp   0  proved  3            0.8s
  chris_germany__1938__Mar2002_EstateGas.xlsx    seeds  2  found  2  fp   0  proved  2            1.7s
  chris_germany__2230__2000ces08.xlsx            seeds  2  found  2  fp   0  proved  1            4.1s
  darrell_schoolcraft__7407__SUNFLOWER - NNG - H seeds  1  found  1  fp   0  proved  1            8.0s
  darrell_schoolcraft__7594__ONEOKRECAP2001.xlsx seeds  4  found  4  fp   0  proved  2  defer 13  74.2s
WARNING:root:Defined name eff_dt refers to empty cell 'Top Pages'!B5. Is not being loaded.
WARNING:root:Defined name PW refers to empty cell 'Top Pages'!B4. Is not being loaded.
WARNING:root:Defined name UID refers to empty cell 'Top Pages'!B3. Is not being loaded.
WARNING:root:Defined name eff_dt refers to empty cell 'Top Pages'!B5. Is not being loaded.
WARNING:root:Defined name PW refers to empty cell 'Top Pages'!B4. Is not being loaded.
WARNING:root:Defined name UID refers to empty cell 'Top Pages'!B3. Is not being loaded.
WARNING:root:Defined name eff_dt refers to empty cell 'Top Pages'!B5. Is not being loaded.
WARNING:root:Defined name PW refers to empty cell 'Top Pages'!B4. Is not being loaded.
WARNING:root:Defined name UID refers to empty cell 'Top Pages'!B3. Is not being loaded.
WARNING:root:Defined name eff_dt refers to empty cell 'Top Pages'!B5. Is not being loaded.
WARNING:root:Defined name PW refers to empty cell 'Top Pages'!B4. Is not being loaded.
WARNING:root:Defined name UID refers to empty cell 'Top Pages'!B3. Is not being loaded.
WARNING:root:Defined name eff_dt refers to empty cell 'Top Pages'!B5. Is not being loaded.
WARNING:root:Defined name PW refers to empty cell 'Top Pages'!B4. Is not being loaded.
WARNING:root:Defined name UID refers to empty cell 'Top Pages'!B3. Is not being loaded.
WARNING:root:Defined name eff_dt refers to empty cell 'Top Pages'!B5. Is not being loaded.
WARNING:root:Defined name PW refers to empty cell 'Top Pages'!B4. Is not being loaded.
WARNING:root:Defined name UID refers to empty cell 'Top Pages'!B3. Is not being loaded.
WARNING:root:Defined name eff_dt refers to empty cell 'Top Pages'!B5. Is not being loaded.
WARNING:root:Defined name PW refers to empty cell 'Top Pages'!B4. Is not being loaded.
WARNING:root:Defined name UID refers to empty cell 'Top Pages'!B3. Is not being loaded.
WARNING:root:Defined name eff_dt refers to empty cell 'Top Pages'!B5. Is not being loaded.
WARNING:root:Defined name PW refers to empty cell 'Top Pages'!B4. Is not being loaded.
WARNING:root:Defined name UID refers to empty cell 'Top Pages'!B3. Is not being loaded.
WARNING:root:Defined name eff_dt refers to empty cell 'Top Pages'!B5. Is not being loaded.
WARNING:root:Defined name PW refers to empty cell 'Top Pages'!B4. Is not being loaded.
WARNING:root:Defined name UID refers to empty cell 'Top Pages'!B3. Is not being loaded.
WARNING:root:Defined name eff_dt refers to empty cell 'Top Pages'!B5. Is not being loaded.
WARNING:root:Defined name PW refers to empty cell 'Top Pages'!B4. Is not being loaded.
WARNING:root:Defined name UID refers to empty cell 'Top Pages'!B3. Is not being loaded.
WARNING:root:Defined name eff_dt refers to empty cell 'Top Pages'!B5. Is not being loaded.
WARNING:root:Defined name PW refers to empty cell 'Top Pages'!B4. Is not being loaded.
WARNING:root:Defined name UID refers to empty cell 'Top Pages'!B3. Is not being loaded.
WARNING:root:Defined name eff_dt refers to empty cell 'Top Pages'!B5. Is not being loaded.
WARNING:root:Defined name PW refers to empty cell 'Top Pages'!B4. Is not being loaded.
WARNING:root:Defined name UID refers to empty cell 'Top Pages'!B3. Is not being loaded.
WARNING:root:Defined name eff_dt refers to empty cell 'Top Pages'!B5. Is not being loaded.
WARNING:root:Defined name PW refers to empty cell 'Top Pages'!B4. Is not being loaded.
WARNING:root:Defined name UID refers to empty cell 'Top Pages'!B3. Is not being loaded.
WARNING:root:Defined name eff_dt refers to empty cell 'Top Pages'!B5. Is not being loaded.
WARNING:root:Defined name PW refers to empty cell 'Top Pages'!B4. Is not being loaded.
WARNING:root:Defined name UID refers to empty cell 'Top Pages'!B3. Is not being loaded.
WARNING:root:Defined name eff_dt refers to empty cell 'Top Pages'!B5. Is not being loaded.
WARNING:root:Defined name PW refers to empty cell 'Top Pages'!B4. Is not being loaded.
WARNING:root:Defined name UID refers to empty cell 'Top Pages'!B3. Is not being loaded.
WARNING:root:Defined name eff_dt refers to empty cell 'Top Pages'!B5. Is not being loaded.
WARNING:root:Defined name PW refers to empty cell 'Top Pages'!B4. Is not being loaded.
WARNING:root:Defined name UID refers to empty cell 'Top Pages'!B3. Is not being loaded.
WARNING:root:Defined name eff_dt refers to empty cell 'Top Pages'!B5. Is not being loaded.
WARNING:root:Defined name PW refers to empty cell 'Top Pages'!B4. Is not being loaded.
WARNING:root:Defined name UID refers to empty cell 'Top Pages'!B3. Is not being loaded.
WARNING:root:Defined name eff_dt refers to empty cell 'Top Pages'!B5. Is not being loaded.
WARNING:root:Defined name PW refers to empty cell 'Top Pages'!B4. Is not being loaded.
WARNING:root:Defined name UID refers to empty cell 'Top Pages'!B3. Is not being loaded.
WARNING:root:Defined name eff_dt refers to empty cell 'Top Pages'!B5. Is not being loaded.
WARNING:root:Defined name PW refers to empty cell 'Top Pages'!B4. Is not being loaded.
WARNING:root:Defined name UID refers to empty cell 'Top Pages'!B3. Is not being loaded.
WARNING:root:Defined name eff_dt refers to empty cell 'Top Pages'!B5. Is not being loaded.
WARNING:root:Defined name PW refers to empty cell 'Top Pages'!B4. Is not being loaded.
WARNING:root:Defined name UID refers to empty cell 'Top Pages'!B3. Is not being loaded.
WARNING:root:Defined name eff_dt refers to empty cell 'Top Pages'!B5. Is not being loaded.
WARNING:root:Defined name PW refers to empty cell 'Top Pages'!B4. Is not being loaded.
WARNING:root:Defined name UID refers to empty cell 'Top Pages'!B3. Is not being loaded.
WARNING:root:Defined name eff_dt refers to empty cell 'Top Pages'!B5. Is not being loaded.
WARNING:root:Defined name PW refers to empty cell 'Top Pages'!B4. Is not being loaded.
WARNING:root:Defined name UID refers to empty cell 'Top Pages'!B3. Is not being loaded.
WARNING:root:Defined name eff_dt refers to empty cell 'Top Pages'!B5. Is not being loaded.
WARNING:root:Defined name PW refers to empty cell 'Top Pages'!B4. Is not being loaded.
WARNING:root:Defined name UID refers to empty cell 'Top Pages'!B3. Is not being loaded.
WARNING:root:Defined name eff_dt refers to empty cell 'Top Pages'!B5. Is not being loaded.
WARNING:root:Defined name PW refers to empty cell 'Top Pages'!B4. Is not being loaded.
WARNING:root:Defined name UID refers to empty cell 'Top Pages'!B3. Is not being loaded.
WARNING:root:Defined name eff_dt refers to empty cell 'Top Pages'!B5. Is not being loaded.
WARNING:root:Defined name PW refers to empty cell 'Top Pages'!B4. Is not being loaded.
WARNING:root:Defined name UID refers to empty cell 'Top Pages'!B3. Is not being loaded.
WARNING:root:Defined name eff_dt refers to empty cell 'Top Pages'!B5. Is not being loaded.
WARNING:root:Defined name PW refers to empty cell 'Top Pages'!B4. Is not being loaded.
WARNING:root:Defined name UID refers to empty cell 'Top Pages'!B3. Is not being loaded.
WARNING:root:Defined name eff_dt refers to empty cell 'Top Pages'!B5. Is not being loaded.
WARNING:root:Defined name PW refers to empty cell 'Top Pages'!B4. Is not being loaded.
WARNING:root:Defined name UID refers to empty cell 'Top Pages'!B3. Is not being loaded.
WARNING:root:Defined name eff_dt refers to empty cell 'Top Pages'!B5. Is not being loaded.
WARNING:root:Defined name PW refers to empty cell 'Top Pages'!B4. Is not being loaded.
WARNING:root:Defined name UID refers to empty cell 'Top Pages'!B3. Is not being loaded.
  darron_c_giron__8011__EMW 0921.xlsx            seeds  3  found  3  fp   0  proved  0  defer 117  51.6s
  fletcher_sturm__10987__1019optsheet.xlsx       seeds  2  found  2  fp   0  proved  0  defer 53   3.9s
  john_forney__15523__s_9-12-01.xlsx             seeds  1  found  1  fp   0  proved  1            0.2s
  john_zufferli__16801__marks.xlsx               seeds  1  found  1  fp   0  proved  1            0.2s
  juan_hernandez__17720__SCHED2001.xlsx          seeds  2  found  2  fp   0  proved  0            9.2s
  kate_symes__18314__EES April Dailies.xlsx      seeds  3  found  3  fp   0  proved  3           18.8s
  lindy_donoho__21972__TW2010ProjCap&Rev.xlsx    seeds  2  found  2  fp   0  proved  2           29.5s
  lisa_gang__22348__EES_Schedule.xlsx            seeds  4  found  4  fp   0  proved  4          119.6s
  mary_fischer__25634__31Q.xlsx                  seeds  3  found  3  fp   0  proved  0            8.2s
  mike_carson__27556__102601 NE & NY Optionsheet seeds  1  found  1  fp   0  proved  0            2.2s
  richard_ring__31589__Renewable_Positions_2001_ seeds  3  found  3  fp   0  proved  3            0.5s
  robin_rodrigue__33241__Phillip e-mail.xlsx     seeds  3  found  3  fp   0  proved  3           22.1s
  scott_neal__38672__6th floorplan 01.30a.xlsx   seeds  4  found  4  fp   0  proved  4            9.8s
WARNING:root:Defined name SAPFuncF4Help refers to empty cell Main.SAPF4Help(). Is not being loaded.
WARNING:root:Defined name SAPFuncF4Help refers to empty cell Main.SAPF4Help(). Is not being loaded.
WARNING:root:Defined name SAPFuncF4Help refers to empty cell Main.SAPF4Help(). Is not being loaded.
WARNING:root:Defined name SAPFuncF4Help refers to empty cell Main.SAPF4Help(). Is not being loaded.
WARNING:root:Defined name SAPFuncF4Help refers to empty cell Main.SAPF4Help(). Is not being loaded.
WARNING:root:Defined name SAPFuncF4Help refers to empty cell Main.SAPF4Help(). Is not being loaded.
WARNING:root:Defined name SAPFuncF4Help refers to empty cell Main.SAPF4Help(). Is not being loaded.
WARNING:root:Defined name SAPFuncF4Help refers to empty cell Main.SAPF4Help(). Is not being loaded.
WARNING:root:Defined name SAPFuncF4Help refers to empty cell Main.SAPF4Help(). Is not being loaded.
WARNING:root:Defined name SAPFuncF4Help refers to empty cell Main.SAPF4Help(). Is not being loaded.
WARNING:root:Defined name SAPFuncF4Help refers to empty cell Main.SAPF4Help(). Is not being loaded.
WARNING:root:Defined name SAPFuncF4Help refers to empty cell Main.SAPF4Help(). Is not being loaded.
WARNING:root:Defined name SAPFuncF4Help refers to empty cell Main.SAPF4Help(). Is not being loaded.
WARNING:root:Defined name SAPFuncF4Help refers to empty cell Main.SAPF4Help(). Is not being loaded.
WARNING:root:Defined name SAPFuncF4Help refers to empty cell Main.SAPF4Help(). Is not being loaded.
WARNING:root:Defined name SAPFuncF4Help refers to empty cell Main.SAPF4Help(). Is not being loaded.
WARNING:root:Defined name SAPFuncF4Help refers to empty cell Main.SAPF4Help(). Is not being loaded.
WARNING:root:Defined name SAPFuncF4Help refers to empty cell Main.SAPF4Help(). Is not being loaded.
WARNING:root:Defined name SAPFuncF4Help refers to empty cell Main.SAPF4Help(). Is not being loaded.
WARNING:root:Defined name SAPFuncF4Help refers to empty cell Main.SAPF4Help(). Is not being loaded.
WARNING:root:Defined name SAPFuncF4Help refers to empty cell Main.SAPF4Help(). Is not being loaded.
WARNING:root:Defined name SAPFuncF4Help refers to empty cell Main.SAPF4Help(). Is not being loaded.
WARNING:root:Defined name SAPFuncF4Help refers to empty cell Main.SAPF4Help(). Is not being loaded.
WARNING:root:Defined name SAPFuncF4Help refers to empty cell Main.SAPF4Help(). Is not being loaded.
WARNING:root:Defined name SAPFuncF4Help refers to empty cell Main.SAPF4Help(). Is not being loaded.
WARNING:root:Defined name SAPFuncF4Help refers to empty cell Main.SAPF4Help(). Is not being loaded.
WARNING:root:Defined name SAPFuncF4Help refers to empty cell Main.SAPF4Help(). Is not being loaded.
WARNING:root:Defined name SAPFuncF4Help refers to empty cell Main.SAPF4Help(). Is not being loaded.
  stacey_white__39000__Power CBO 2002 Plan Expen seeds  2  found  2  fp   0  proved  0  defer 68  15.7s
  stacey_white__39165__Power - Non-Terminated MT seeds  4  found  4  fp   0  proved  4           21.6s

==================================================================
  ARM: deterministic audit
==================================================================
  workbooks           21  (0 skipped)
  seeded errors       53
  found               52
  missed              1
  false positives     0
  pre-existing hits   397  (excluded from scoring)

  precision           1.000
  recall              0.981
  F1                  0.990
  proof rate          0.692

  min row peers       2

  recall by difficulty:
    obvious    1.000   (1/1)
    realistic  1.000   (22/22)
    silent     0.967   (29/30)

  proof budget        25 per workbook
  hit the budget      4 workbook(s), 251 finding(s) reported
                      but not proved. Detection is unaffected.

  wall clock          405.1s

wrote results\baseline_peers2.json
