
==================================================================
  ARM: naive
==================================================================
  benjamin_rogers__1229__ENRON_$orion_1099.xlsx  reported   8  tp  2  fp   3    0.3s
  benjamin_rogers__1257__Case 1 Ch 3 version 3.x reported   6  tp  4  fp   2    0.1s
  chris_germany__1938__Mar2002_EstateGas.xlsx    reported  42  tp  2  fp  40    0.2s
  chris_germany__2230__2000ces08.xlsx            reported   3  tp  2  fp   0    0.4s
  darrell_schoolcraft__7407__SUNFLOWER - NNG - H reported   1  tp  1  fp   0    2.0s
  darrell_schoolcraft__7594__ONEOKRECAP2001.xlsx reported  48  tp  4  fp  10    2.9s
WARNING:root:Defined name eff_dt refers to empty cell 'Top Pages'!B5. Is not being loaded.
WARNING:root:Defined name PW refers to empty cell 'Top Pages'!B4. Is not being loaded.
WARNING:root:Defined name UID refers to empty cell 'Top Pages'!B3. Is not being loaded.
WARNING:root:Defined name eff_dt refers to empty cell 'Top Pages'!B5. Is not being loaded.
WARNING:root:Defined name PW refers to empty cell 'Top Pages'!B4. Is not being loaded.
WARNING:root:Defined name UID refers to empty cell 'Top Pages'!B3. Is not being loaded.
WARNING:root:Defined name eff_dt refers to empty cell 'Top Pages'!B5. Is not being loaded.
WARNING:root:Defined name PW refers to empty cell 'Top Pages'!B4. Is not being loaded.
WARNING:root:Defined name UID refers to empty cell 'Top Pages'!B3. Is not being loaded.
  darron_c_giron__8011__EMW 0921.xlsx            reported 208  tp  3  fp  66    2.3s
  fletcher_sturm__10987__1019optsheet.xlsx       reported 200  tp  2  fp 122    0.1s
  john_forney__15523__s_9-12-01.xlsx             reported   1  tp  1  fp   0    0.1s
  john_zufferli__16801__marks.xlsx               reported   2  tp  1  fp   0    0.0s
  juan_hernandez__17720__SCHED2001.xlsx          reported   2  tp  2  fp   0    1.4s
  kate_symes__18314__EES April Dailies.xlsx      reported 4248  tp  3  fp 4242    2.2s
  lindy_donoho__21972__TW2010ProjCap&Rev.xlsx    reported   8  tp  2  fp   6    6.9s
  lisa_gang__22348__EES_Schedule.xlsx            reported  12  tp  4  fp   0    6.0s
  mary_fischer__25634__31Q.xlsx                  reported   7  tp  3  fp   0    1.6s
  mike_carson__27556__102601 NE & NY Optionsheet reported  27  tp  1  fp  22    0.2s
  richard_ring__31589__Renewable_Positions_2001_ reported   4  tp  3  fp   0    0.0s
  robin_rodrigue__33241__Phillip e-mail.xlsx     reported  21  tp  3  fp   0    1.6s
  scott_neal__38672__6th floorplan 01.30a.xlsx   reported 112  tp  4  fp  94    0.3s
WARNING:root:Defined name SAPFuncF4Help refers to empty cell Main.SAPF4Help(). Is not being loaded.
WARNING:root:Defined name SAPFuncF4Help refers to empty cell Main.SAPF4Help(). Is not being loaded.
  stacey_white__39000__Power CBO 2002 Plan Expen reported  93  tp  2  fp   0    1.4s
  stacey_white__39165__Power - Non-Terminated MT reported   4  tp  4  fp   0    2.1s

==================================================================
  ARM: block
==================================================================
  benjamin_rogers__1229__ENRON_$orion_1099.xlsx  reported   8  tp  2  fp   3    1.1s
  benjamin_rogers__1257__Case 1 Ch 3 version 3.x reported   6  tp  4  fp   2    0.4s
  chris_germany__1938__Mar2002_EstateGas.xlsx    reported  29  tp  2  fp  27    0.4s
  chris_germany__2230__2000ces08.xlsx            reported   3  tp  2  fp   0    0.5s
  darrell_schoolcraft__7407__SUNFLOWER - NNG - H reported   1  tp  1  fp   0    3.0s
  darrell_schoolcraft__7594__ONEOKRECAP2001.xlsx reported  28  tp  2  fp   0    3.1s
WARNING:root:Defined name eff_dt refers to empty cell 'Top Pages'!B5. Is not being loaded.
WARNING:root:Defined name PW refers to empty cell 'Top Pages'!B4. Is not being loaded.
WARNING:root:Defined name UID refers to empty cell 'Top Pages'!B3. Is not being loaded.
WARNING:root:Defined name eff_dt refers to empty cell 'Top Pages'!B5. Is not being loaded.
WARNING:root:Defined name PW refers to empty cell 'Top Pages'!B4. Is not being loaded.
WARNING:root:Defined name UID refers to empty cell 'Top Pages'!B3. Is not being loaded.
  darron_c_giron__8011__EMW 0921.xlsx            reported 123  tp  3  fp   0    2.5s
  fletcher_sturm__10987__1019optsheet.xlsx       reported  83  tp  2  fp   6    0.1s
  john_forney__15523__s_9-12-01.xlsx             reported   1  tp  1  fp   0    0.1s
  john_zufferli__16801__marks.xlsx               reported   2  tp  1  fp   0    0.0s
  juan_hernandez__17720__SCHED2001.xlsx          reported   2  tp  2  fp   0    0.8s
  kate_symes__18314__EES April Dailies.xlsx      reported   3  tp  3  fp   0    1.6s
  lindy_donoho__21972__TW2010ProjCap&Rev.xlsx    reported   4  tp  2  fp   2    5.3s
  lisa_gang__22348__EES_Schedule.xlsx            reported  12  tp  4  fp   0    4.0s
  mary_fischer__25634__31Q.xlsx                  reported   7  tp  3  fp   0    1.4s
  mike_carson__27556__102601 NE & NY Optionsheet reported   6  tp  1  fp   2    0.2s
  richard_ring__31589__Renewable_Positions_2001_ reported   4  tp  3  fp   0    0.0s
  robin_rodrigue__33241__Phillip e-mail.xlsx     reported  21  tp  3  fp   0    0.2s
  scott_neal__38672__6th floorplan 01.30a.xlsx   reported  81  tp  3  fp  67    0.3s
WARNING:root:Defined name SAPFuncF4Help refers to empty cell Main.SAPF4Help(). Is not being loaded.
WARNING:root:Defined name SAPFuncF4Help refers to empty cell Main.SAPF4Help(). Is not being loaded.
  stacey_white__39000__Power CBO 2002 Plan Expen reported  93  tp  2  fp   0    0.6s
  stacey_white__39165__Power - Non-Terminated MT reported   4  tp  4  fp   0    2.1s

==================================================================
  ARM: screened
==================================================================
  benjamin_rogers__1229__ENRON_$orion_1099.xlsx  reported   5  tp  2  fp   0    0.5s
  benjamin_rogers__1257__Case 1 Ch 3 version 3.x reported   3  tp  3  fp   0    0.2s
  chris_germany__1938__Mar2002_EstateGas.xlsx    reported   2  tp  2  fp   0    0.5s
  chris_germany__2230__2000ces08.xlsx            reported   3  tp  2  fp   0    0.9s
  darrell_schoolcraft__7407__SUNFLOWER - NNG - H reported   1  tp  1  fp   0    4.2s
  darrell_schoolcraft__7594__ONEOKRECAP2001.xlsx reported  28  tp  2  fp   0    1.8s
WARNING:root:Defined name eff_dt refers to empty cell 'Top Pages'!B5. Is not being loaded.
WARNING:root:Defined name PW refers to empty cell 'Top Pages'!B4. Is not being loaded.
WARNING:root:Defined name UID refers to empty cell 'Top Pages'!B3. Is not being loaded.
WARNING:root:Defined name eff_dt refers to empty cell 'Top Pages'!B5. Is not being loaded.
WARNING:root:Defined name PW refers to empty cell 'Top Pages'!B4. Is not being loaded.
WARNING:root:Defined name UID refers to empty cell 'Top Pages'!B3. Is not being loaded.
WARNING:root:Defined name eff_dt refers to empty cell 'Top Pages'!B5. Is not being loaded.
WARNING:root:Defined name PW refers to empty cell 'Top Pages'!B4. Is not being loaded.
WARNING:root:Defined name UID refers to empty cell 'Top Pages'!B3. Is not being loaded.
  darron_c_giron__8011__EMW 0921.xlsx            reported 123  tp  3  fp   0    3.2s
  fletcher_sturm__10987__1019optsheet.xlsx       reported  77  tp  2  fp   0    0.3s
  john_forney__15523__s_9-12-01.xlsx             reported   1  tp  1  fp   0    0.1s
  john_zufferli__16801__marks.xlsx               reported   2  tp  1  fp   0    0.0s
  juan_hernandez__17720__SCHED2001.xlsx          reported   2  tp  2  fp   0    1.6s
  kate_symes__18314__EES April Dailies.xlsx      reported   3  tp  3  fp   0    2.2s
  lindy_donoho__21972__TW2010ProjCap&Rev.xlsx    reported   2  tp  2  fp   0    8.1s
  lisa_gang__22348__EES_Schedule.xlsx            reported  12  tp  4  fp   0   14.0s
  mary_fischer__25634__31Q.xlsx                  reported   7  tp  3  fp   0    2.4s
  mike_carson__27556__102601 NE & NY Optionsheet reported   4  tp  1  fp   0    0.4s
  richard_ring__31589__Renewable_Positions_2001_ reported   4  tp  3  fp   0    0.1s
  robin_rodrigue__33241__Phillip e-mail.xlsx     reported  21  tp  3  fp   0    0.6s
  scott_neal__38672__6th floorplan 01.30a.xlsx   reported  14  tp  3  fp   0    0.6s
WARNING:root:Defined name SAPFuncF4Help refers to empty cell Main.SAPF4Help(). Is not being loaded.
WARNING:root:Defined name SAPFuncF4Help refers to empty cell Main.SAPF4Help(). Is not being loaded.
WARNING:root:Defined name SAPFuncF4Help refers to empty cell Main.SAPF4Help(). Is not being loaded.
  stacey_white__39000__Power CBO 2002 Plan Expen reported  93  tp  2  fp   0    1.3s
  stacey_white__39165__Power - Non-Terminated MT reported   4  tp  4  fp   0    4.6s

==================================================================
  ARM: full
==================================================================
  benjamin_rogers__1229__ENRON_$orion_1099.xlsx  reported   5  tp  2  fp   0    2.5s
  benjamin_rogers__1257__Case 1 Ch 3 version 3.x reported   3  tp  3  fp   0    0.6s
  chris_germany__1938__Mar2002_EstateGas.xlsx    reported   2  tp  2  fp   0    1.3s
  chris_germany__2230__2000ces08.xlsx            reported   3  tp  2  fp   0    5.6s
  darrell_schoolcraft__7407__SUNFLOWER - NNG - H reported   1  tp  1  fp   0    9.1s
  darrell_schoolcraft__7594__ONEOKRECAP2001.xlsx reported  28  tp  2  fp   0   70.2s
WARNING:root:Defined name eff_dt refers to empty cell 'Top Pages'!B5. Is not being loaded.
WARNING:root:Defined name PW refers to empty cell 'Top Pages'!B4. Is not being loaded.
WARNING:root:Defined name UID refers to empty cell 'Top Pages'!B3. Is not being loaded.
WARNING:root:Defined name eff_dt refers to empty cell 'Top Pages'!B5. Is not being loaded.
WARNING:root:Defined name PW refers to empty cell 'Top Pages'!B4. Is not being loaded.
WARNING:root:Defined name UID refers to empty cell 'Top Pages'!B3. Is not being loaded.
WARNING:root:Defined name eff_dt refers to empty cell 'Top Pages'!B5. Is not being loaded.
WARNING:root:Defined name PW refers to empty cell 'Top Pages'!B4. Is not being loaded.
WARNING:root:Defined name UID refers to empty cell 'Top Pages'!B3. Is not being loaded.
WARNING:root:Defined name eff_dt refers to empty cell 'Top Pages'!B5. Is not being loaded.
WARNING:root:Defined name PW refers to empty cell 'Top Pages'!B4. Is not being loaded.
WARNING:root:Defined name UID refers to empty cell 'Top Pages'!B3. Is not being loaded.
WARNING:root:Defined name eff_dt refers to empty cell 'Top Pages'!B5. Is not being loaded.
WARNING:root:Defined name PW refers to empty cell 'Top Pages'!B4. Is not being loaded.
WARNING:root:Defined name UID refers to empty cell 'Top Pages'!B3. Is not being loaded.
WARNING:root:Defined name eff_dt refers to empty cell 'Top Pages'!B5. Is not being loaded.
WARNING:root:Defined name PW refers to empty cell 'Top Pages'!B4. Is not being loaded.
WARNING:root:Defined name UID refers to empty cell 'Top Pages'!B3. Is not being loaded.
WARNING:root:Defined name eff_dt refers to empty cell 'Top Pages'!B5. Is not being loaded.
WARNING:root:Defined name PW refers to empty cell 'Top Pages'!B4. Is not being loaded.
WARNING:root:Defined name UID refers to empty cell 'Top Pages'!B3. Is not being loaded.
WARNING:root:Defined name eff_dt refers to empty cell 'Top Pages'!B5. Is not being loaded.
WARNING:root:Defined name PW refers to empty cell 'Top Pages'!B4. Is not being loaded.
WARNING:root:Defined name UID refers to empty cell 'Top Pages'!B3. Is not being loaded.
WARNING:root:Defined name eff_dt refers to empty cell 'Top Pages'!B5. Is not being loaded.
WARNING:root:Defined name PW refers to empty cell 'Top Pages'!B4. Is not being loaded.
WARNING:root:Defined name UID refers to empty cell 'Top Pages'!B3. Is not being loaded.
WARNING:root:Defined name eff_dt refers to empty cell 'Top Pages'!B5. Is not being loaded.
WARNING:root:Defined name PW refers to empty cell 'Top Pages'!B4. Is not being loaded.
WARNING:root:Defined name UID refers to empty cell 'Top Pages'!B3. Is not being loaded.
WARNING:root:Defined name eff_dt refers to empty cell 'Top Pages'!B5. Is not being loaded.
WARNING:root:Defined name PW refers to empty cell 'Top Pages'!B4. Is not being loaded.
WARNING:root:Defined name UID refers to empty cell 'Top Pages'!B3. Is not being loaded.
WARNING:root:Defined name eff_dt refers to empty cell 'Top Pages'!B5. Is not being loaded.
WARNING:root:Defined name PW refers to empty cell 'Top Pages'!B4. Is not being loaded.
WARNING:root:Defined name UID refers to empty cell 'Top Pages'!B3. Is not being loaded.
WARNING:root:Defined name eff_dt refers to empty cell 'Top Pages'!B5. Is not being loaded.
WARNING:root:Defined name PW refers to empty cell 'Top Pages'!B4. Is not being loaded.
WARNING:root:Defined name UID refers to empty cell 'Top Pages'!B3. Is not being loaded.
WARNING:root:Defined name eff_dt refers to empty cell 'Top Pages'!B5. Is not being loaded.
WARNING:root:Defined name PW refers to empty cell 'Top Pages'!B4. Is not being loaded.
WARNING:root:Defined name UID refers to empty cell 'Top Pages'!B3. Is not being loaded.
WARNING:root:Defined name eff_dt refers to empty cell 'Top Pages'!B5. Is not being loaded.
WARNING:root:Defined name PW refers to empty cell 'Top Pages'!B4. Is not being loaded.
WARNING:root:Defined name UID refers to empty cell 'Top Pages'!B3. Is not being loaded.
WARNING:root:Defined name eff_dt refers to empty cell 'Top Pages'!B5. Is not being loaded.
WARNING:root:Defined name PW refers to empty cell 'Top Pages'!B4. Is not being loaded.
WARNING:root:Defined name UID refers to empty cell 'Top Pages'!B3. Is not being loaded.
WARNING:root:Defined name eff_dt refers to empty cell 'Top Pages'!B5. Is not being loaded.
WARNING:root:Defined name PW refers to empty cell 'Top Pages'!B4. Is not being loaded.
WARNING:root:Defined name UID refers to empty cell 'Top Pages'!B3. Is not being loaded.
WARNING:root:Defined name eff_dt refers to empty cell 'Top Pages'!B5. Is not being loaded.
WARNING:root:Defined name PW refers to empty cell 'Top Pages'!B4. Is not being loaded.
WARNING:root:Defined name UID refers to empty cell 'Top Pages'!B3. Is not being loaded.
WARNING:root:Defined name eff_dt refers to empty cell 'Top Pages'!B5. Is not being loaded.
WARNING:root:Defined name PW refers to empty cell 'Top Pages'!B4. Is not being loaded.
WARNING:root:Defined name UID refers to empty cell 'Top Pages'!B3. Is not being loaded.
WARNING:root:Defined name eff_dt refers to empty cell 'Top Pages'!B5. Is not being loaded.
WARNING:root:Defined name PW refers to empty cell 'Top Pages'!B4. Is not being loaded.
WARNING:root:Defined name UID refers to empty cell 'Top Pages'!B3. Is not being loaded.
WARNING:root:Defined name eff_dt refers to empty cell 'Top Pages'!B5. Is not being loaded.
WARNING:root:Defined name PW refers to empty cell 'Top Pages'!B4. Is not being loaded.
WARNING:root:Defined name UID refers to empty cell 'Top Pages'!B3. Is not being loaded.
WARNING:root:Defined name eff_dt refers to empty cell 'Top Pages'!B5. Is not being loaded.
WARNING:root:Defined name PW refers to empty cell 'Top Pages'!B4. Is not being loaded.
WARNING:root:Defined name UID refers to empty cell 'Top Pages'!B3. Is not being loaded.
WARNING:root:Defined name eff_dt refers to empty cell 'Top Pages'!B5. Is not being loaded.
WARNING:root:Defined name PW refers to empty cell 'Top Pages'!B4. Is not being loaded.
WARNING:root:Defined name UID refers to empty cell 'Top Pages'!B3. Is not being loaded.
WARNING:root:Defined name eff_dt refers to empty cell 'Top Pages'!B5. Is not being loaded.
WARNING:root:Defined name PW refers to empty cell 'Top Pages'!B4. Is not being loaded.
WARNING:root:Defined name UID refers to empty cell 'Top Pages'!B3. Is not being loaded.
WARNING:root:Defined name eff_dt refers to empty cell 'Top Pages'!B5. Is not being loaded.
WARNING:root:Defined name PW refers to empty cell 'Top Pages'!B4. Is not being loaded.
WARNING:root:Defined name UID refers to empty cell 'Top Pages'!B3. Is not being loaded.
WARNING:root:Defined name eff_dt refers to empty cell 'Top Pages'!B5. Is not being loaded.
WARNING:root:Defined name PW refers to empty cell 'Top Pages'!B4. Is not being loaded.
WARNING:root:Defined name UID refers to empty cell 'Top Pages'!B3. Is not being loaded.
WARNING:root:Defined name eff_dt refers to empty cell 'Top Pages'!B5. Is not being loaded.
WARNING:root:Defined name PW refers to empty cell 'Top Pages'!B4. Is not being loaded.
WARNING:root:Defined name UID refers to empty cell 'Top Pages'!B3. Is not being loaded.
WARNING:root:Defined name eff_dt refers to empty cell 'Top Pages'!B5. Is not being loaded.
WARNING:root:Defined name PW refers to empty cell 'Top Pages'!B4. Is not being loaded.
WARNING:root:Defined name UID refers to empty cell 'Top Pages'!B3. Is not being loaded.
WARNING:root:Defined name eff_dt refers to empty cell 'Top Pages'!B5. Is not being loaded.
WARNING:root:Defined name PW refers to empty cell 'Top Pages'!B4. Is not being loaded.
WARNING:root:Defined name UID refers to empty cell 'Top Pages'!B3. Is not being loaded.
  darron_c_giron__8011__EMW 0921.xlsx            reported 123  tp  3  fp   0   52.3s
  fletcher_sturm__10987__1019optsheet.xlsx       reported  77  tp  2  fp   0    3.9s
  john_forney__15523__s_9-12-01.xlsx             reported   1  tp  1  fp   0    0.2s
  john_zufferli__16801__marks.xlsx               reported   2  tp  1  fp   0    0.2s
  juan_hernandez__17720__SCHED2001.xlsx          reported   2  tp  2  fp   0    5.4s
  kate_symes__18314__EES April Dailies.xlsx      reported   3  tp  3  fp   0   14.6s
  lindy_donoho__21972__TW2010ProjCap&Rev.xlsx    reported   2  tp  2  fp   0   24.2s
  lisa_gang__22348__EES_Schedule.xlsx            reported  12  tp  4  fp   0  136.9s
  mary_fischer__25634__31Q.xlsx                  reported   7  tp  3  fp   0   10.0s
  mike_carson__27556__102601 NE & NY Optionsheet reported   4  tp  1  fp   0    2.0s
  richard_ring__31589__Renewable_Positions_2001_ reported   4  tp  3  fp   0    0.6s
  robin_rodrigue__33241__Phillip e-mail.xlsx     reported  21  tp  3  fp   0   20.5s
  scott_neal__38672__6th floorplan 01.30a.xlsx   reported  14  tp  3  fp   0    7.3s
WARNING:root:Defined name SAPFuncF4Help refers to empty cell Main.SAPF4Help(). Is not being loaded.
WARNING:root:Defined name SAPFuncF4Help refers to empty cell Main.SAPF4Help(). Is not being loaded.
WARNING:root:Defined name SAPFuncF4Help refers to empty cell Main.SAPF4Help(). Is not being loaded.
WARNING:root:Defined name SAPFuncF4Help refers to empty cell Main.SAPF4Help(). Is not being loaded.
WARNING:root:Defined name SAPFuncF4Help refers to empty cell Main.SAPF4Help(). Is not being loaded.
WARNING:root:Defined name SAPFuncF4Help refers to empty cell Main.SAPF4Help(). Is not being loaded.
WARNING:root:Defined name SAPFuncF4Help refers to empty cell Main.SAPF4Help(). Is not being loaded.
WARNING:root:Defined name SAPFuncF4Help refers to empty cell Main.SAPF4Help(). Is not being loaded.
WARNING:root:Defined name SAPFuncF4Help refers to empty cell Main.SAPF4Help(). Is not being loaded.
WARNING:root:Defined name SAPFuncF4Help refers to empty cell Main.SAPF4Help(). Is not being loaded.
WARNING:root:Defined name SAPFuncF4Help refers to empty cell Main.SAPF4Help(). Is not being loaded.
WARNING:root:Defined name SAPFuncF4Help refers to empty cell Main.SAPF4Help(). Is not being loaded.
WARNING:root:Defined name SAPFuncF4Help refers to empty cell Main.SAPF4Help(). Is not being loaded.
WARNING:root:Defined name SAPFuncF4Help refers to empty cell Main.SAPF4Help(). Is not being loaded.
WARNING:root:Defined name SAPFuncF4Help refers to empty cell Main.SAPF4Help(). Is not being loaded.
WARNING:root:Defined name SAPFuncF4Help refers to empty cell Main.SAPF4Help(). Is not being loaded.
WARNING:root:Defined name SAPFuncF4Help refers to empty cell Main.SAPF4Help(). Is not being loaded.
WARNING:root:Defined name SAPFuncF4Help refers to empty cell Main.SAPF4Help(). Is not being loaded.
WARNING:root:Defined name SAPFuncF4Help refers to empty cell Main.SAPF4Help(). Is not being loaded.
WARNING:root:Defined name SAPFuncF4Help refers to empty cell Main.SAPF4Help(). Is not being loaded.
WARNING:root:Defined name SAPFuncF4Help refers to empty cell Main.SAPF4Help(). Is not being loaded.
WARNING:root:Defined name SAPFuncF4Help refers to empty cell Main.SAPF4Help(). Is not being loaded.
WARNING:root:Defined name SAPFuncF4Help refers to empty cell Main.SAPF4Help(). Is not being loaded.
WARNING:root:Defined name SAPFuncF4Help refers to empty cell Main.SAPF4Help(). Is not being loaded.
WARNING:root:Defined name SAPFuncF4Help refers to empty cell Main.SAPF4Help(). Is not being loaded.
WARNING:root:Defined name SAPFuncF4Help refers to empty cell Main.SAPF4Help(). Is not being loaded.
WARNING:root:Defined name SAPFuncF4Help refers to empty cell Main.SAPF4Help(). Is not being loaded.
WARNING:root:Defined name SAPFuncF4Help refers to empty cell Main.SAPF4Help(). Is not being loaded.
WARNING:root:Defined name SAPFuncF4Help refers to empty cell Main.SAPF4Help(). Is not being loaded.
  stacey_white__39000__Power CBO 2002 Plan Expen reported  93  tp  2  fp   0   18.5s
  stacey_white__39165__Power - Non-Terminated MT reported   4  tp  4  fp   0   22.5s

==================================================================
  COMPARISON
==================================================================
| Metric | naive (baseline) | + block | + screen | + proof (shipped) |
|---|---|---|---|---|
| Precision | 0.011 | 0.315 | 1.000 | 1.000 |
| Recall | 1.000 | 0.943 | 0.924 | 0.924 |
| F1 | 0.022 | 0.472 | 0.961 | 0.961 |
| True positives | 53 | 50 | 49 | 49 |
| False positives | 4607 | 109 | 0 | 0 |
| Cells reported to the analyst | 5057 | 521 | 411 | 411 |
| Findings carrying a proof | 0 | 0 | 0 | 35 |
| Recall, *obvious* | 1.000 | 1.000 | 1.000 | 1.000 |
| Recall, *realistic* | 1.000 | 1.000 | 1.000 | 1.000 |
| Recall, *silent* | 1.000 | 0.900 | 0.867 | 0.867 |

wrote results/arms.json and results/arms.md
