auditing 21 seeded workbooks

  benjamin_rogers__1229__ENRON_$orion_1099.xlsx  seeds  2  found  2  fp   0  proved  2            3.5s
  benjamin_rogers__1257__Case 1 Ch 3 version 3.x seeds  4  found  3  fp   0  proved  3            1.0s
  chris_germany__1938__Mar2002_EstateGas.xlsx    seeds  2  found  2  fp   0  proved  2            2.1s
  chris_germany__2230__2000ces08.xlsx            seeds  2  found  2  fp   0  proved  1            4.8s
  darrell_schoolcraft__7407__SUNFLOWER - NNG - H seeds  1  found  1  fp   0  proved  1           10.2s
  darrell_schoolcraft__7594__ONEOKRECAP2001.xlsx seeds  4  found  2  fp   0  proved  2  defer 3  85.0s
WARNING:root:Defined name eff_dt refers to empty cell 'Top Pages'!B5. Is not being loaded.
WARNING:root:Defined name PW refers to empty cell 'Top Pages'!B4. Is not being loaded.
WARNING:root:Defined name UID refers to empty cell 'Top Pages'!B3. Is not being loaded.
WARNING:root:Defined name eff_dt refers to empty cell 'Top Pages'!B5. Is not being loaded.
WARNING:root:Defined name PW refers to empty cell 'Top Pages'!B4. Is not being loaded.
WARNING:root:Defined name UID refers to empty cell 'Top Pages'!B3. Is not being loaded.
WARNING:root:Defined name eff_dt refers to empty cell 'Top Pages'!B5. Is not being loaded.
WARNING:root:Defined name PW refers to empty cell 'Top Pages'!B4. Is not being loaded.
WARNING:root:Defined name UID refers to empty cell 'Top Pages'!B3. Is not being loaded.
WARNING:root:Defined name eff_dt refers to empty cell 'Top Pages'!B5. Is not being loaded.
WARNING:root:Defined name PW refers to empty cell 'Top Pages'!B4. Is not being loaded.
WARNING:root:Defined name UID refers to empty cell 'Top Pages'!B3. Is not being loaded.
WARNING:root:Defined name eff_dt refers to empty cell 'Top Pages'!B5. Is not being loaded.
WARNING:root:Defined name PW refers to empty cell 'Top Pages'!B4. Is not being loaded.
WARNING:root:Defined name UID refers to empty cell 'Top Pages'!B3. Is not being loaded.
WARNING:root:Defined name eff_dt refers to empty cell 'Top Pages'!B5. Is not being loaded.
WARNING:root:Defined name PW refers to empty cell 'Top Pages'!B4. Is not being loaded.
WARNING:root:Defined name UID refers to empty cell 'Top Pages'!B3. Is not being loaded.
WARNING:root:Defined name eff_dt refers to empty cell 'Top Pages'!B5. Is not being loaded.
WARNING:root:Defined name PW refers to empty cell 'Top Pages'!B4. Is not being loaded.
WARNING:root:Defined name UID refers to empty cell 'Top Pages'!B3. Is not being loaded.
WARNING:root:Defined name eff_dt refers to empty cell 'Top Pages'!B5. Is not being loaded.
WARNING:root:Defined name PW refers to empty cell 'Top Pages'!B4. Is not being loaded.
WARNING:root:Defined name UID refers to empty cell 'Top Pages'!B3. Is not being loaded.
WARNING:root:Defined name eff_dt refers to empty cell 'Top Pages'!B5. Is not being loaded.
WARNING:root:Defined name PW refers to empty cell 'Top Pages'!B4. Is not being loaded.
WARNING:root:Defined name UID refers to empty cell 'Top Pages'!B3. Is not being loaded.
WARNING:root:Defined name eff_dt refers to empty cell 'Top Pages'!B5. Is not being loaded.
WARNING:root:Defined name PW refers to empty cell 'Top Pages'!B4. Is not being loaded.
WARNING:root:Defined name UID refers to empty cell 'Top Pages'!B3. Is not being loaded.
WARNING:root:Defined name eff_dt refers to empty cell 'Top Pages'!B5. Is not being loaded.
WARNING:root:Defined name PW refers to empty cell 'Top Pages'!B4. Is not being loaded.
WARNING:root:Defined name UID refers to empty cell 'Top Pages'!B3. Is not being loaded.
WARNING:root:Defined name eff_dt refers to empty cell 'Top Pages'!B5. Is not being loaded.
WARNING:root:Defined name PW refers to empty cell 'Top Pages'!B4. Is not being loaded.
WARNING:root:Defined name UID refers to empty cell 'Top Pages'!B3. Is not being loaded.
WARNING:root:Defined name eff_dt refers to empty cell 'Top Pages'!B5. Is not being loaded.
WARNING:root:Defined name PW refers to empty cell 'Top Pages'!B4. Is not being loaded.
WARNING:root:Defined name UID refers to empty cell 'Top Pages'!B3. Is not being loaded.
WARNING:root:Defined name eff_dt refers to empty cell 'Top Pages'!B5. Is not being loaded.
WARNING:root:Defined name PW refers to empty cell 'Top Pages'!B4. Is not being loaded.
WARNING:root:Defined name UID refers to empty cell 'Top Pages'!B3. Is not being loaded.
WARNING:root:Defined name eff_dt refers to empty cell 'Top Pages'!B5. Is not being loaded.
WARNING:root:Defined name PW refers to empty cell 'Top Pages'!B4. Is not being loaded.
WARNING:root:Defined name UID refers to empty cell 'Top Pages'!B3. Is not being loaded.
WARNING:root:Defined name eff_dt refers to empty cell 'Top Pages'!B5. Is not being loaded.
WARNING:root:Defined name PW refers to empty cell 'Top Pages'!B4. Is not being loaded.
WARNING:root:Defined name UID refers to empty cell 'Top Pages'!B3. Is not being loaded.
WARNING:root:Defined name eff_dt refers to empty cell 'Top Pages'!B5. Is not being loaded.
WARNING:root:Defined name PW refers to empty cell 'Top Pages'!B4. Is not being loaded.
WARNING:root:Defined name UID refers to empty cell 'Top Pages'!B3. Is not being loaded.
WARNING:root:Defined name eff_dt refers to empty cell 'Top Pages'!B5. Is not being loaded.
WARNING:root:Defined name PW refers to empty cell 'Top Pages'!B4. Is not being loaded.
WARNING:root:Defined name UID refers to empty cell 'Top Pages'!B3. Is not being loaded.
WARNING:root:Defined name eff_dt refers to empty cell 'Top Pages'!B5. Is not being loaded.
WARNING:root:Defined name PW refers to empty cell 'Top Pages'!B4. Is not being loaded.
WARNING:root:Defined name UID refers to empty cell 'Top Pages'!B3. Is not being loaded.
WARNING:root:Defined name eff_dt refers to empty cell 'Top Pages'!B5. Is not being loaded.
WARNING:root:Defined name PW refers to empty cell 'Top Pages'!B4. Is not being loaded.
WARNING:root:Defined name UID refers to empty cell 'Top Pages'!B3. Is not being loaded.
WARNING:root:Defined name eff_dt refers to empty cell 'Top Pages'!B5. Is not being loaded.
WARNING:root:Defined name PW refers to empty cell 'Top Pages'!B4. Is not being loaded.
WARNING:root:Defined name UID refers to empty cell 'Top Pages'!B3. Is not being loaded.
WARNING:root:Defined name eff_dt refers to empty cell 'Top Pages'!B5. Is not being loaded.
WARNING:root:Defined name PW refers to empty cell 'Top Pages'!B4. Is not being loaded.
WARNING:root:Defined name UID refers to empty cell 'Top Pages'!B3. Is not being loaded.
WARNING:root:Defined name eff_dt refers to empty cell 'Top Pages'!B5. Is not being loaded.
WARNING:root:Defined name PW refers to empty cell 'Top Pages'!B4. Is not being loaded.
WARNING:root:Defined name UID refers to empty cell 'Top Pages'!B3. Is not being loaded.
WARNING:root:Defined name eff_dt refers to empty cell 'Top Pages'!B5. Is not being loaded.
WARNING:root:Defined name PW refers to empty cell 'Top Pages'!B4. Is not being loaded.
WARNING:root:Defined name UID refers to empty cell 'Top Pages'!B3. Is not being loaded.
WARNING:root:Defined name eff_dt refers to empty cell 'Top Pages'!B5. Is not being loaded.
WARNING:root:Defined name PW refers to empty cell 'Top Pages'!B4. Is not being loaded.
WARNING:root:Defined name UID refers to empty cell 'Top Pages'!B3. Is not being loaded.
WARNING:root:Defined name eff_dt refers to empty cell 'Top Pages'!B5. Is not being loaded.
WARNING:root:Defined name PW refers to empty cell 'Top Pages'!B4. Is not being loaded.
WARNING:root:Defined name UID refers to empty cell 'Top Pages'!B3. Is not being loaded.
WARNING:root:Defined name eff_dt refers to empty cell 'Top Pages'!B5. Is not being loaded.
WARNING:root:Defined name PW refers to empty cell 'Top Pages'!B4. Is not being loaded.
WARNING:root:Defined name UID refers to empty cell 'Top Pages'!B3. Is not being loaded.
WARNING:root:Defined name eff_dt refers to empty cell 'Top Pages'!B5. Is not being loaded.
WARNING:root:Defined name PW refers to empty cell 'Top Pages'!B4. Is not being loaded.
WARNING:root:Defined name UID refers to empty cell 'Top Pages'!B3. Is not being loaded.
  darron_c_giron__8011__EMW 0921.xlsx            seeds  3  found  3  fp   0  proved  0  defer 98  61.6s
  fletcher_sturm__10987__1019optsheet.xlsx       seeds  2  found  2  fp   0  proved  0  defer 52   4.5s
  john_forney__15523__s_9-12-01.xlsx             seeds  1  found  1  fp   0  proved  1            0.3s
  john_zufferli__16801__marks.xlsx               seeds  1  found  1  fp   0  proved  1            0.2s
  juan_hernandez__17720__SCHED2001.xlsx          seeds  2  found  2  fp   0  proved  0           10.5s
  kate_symes__18314__EES April Dailies.xlsx      seeds  3  found  3  fp   0  proved  3            9.2s
  lindy_donoho__21972__TW2010ProjCap&Rev.xlsx    seeds  2  found  2  fp   0  proved  2           28.4s
  lisa_gang__22348__EES_Schedule.xlsx            seeds  4  found  4  fp   0  proved  4          142.1s
  mary_fischer__25634__31Q.xlsx                  seeds  3  found  3  fp   0  proved  0           10.6s
  mike_carson__27556__102601 NE & NY Optionsheet seeds  1  found  1  fp   0  proved  0            2.3s
  richard_ring__31589__Renewable_Positions_2001_ seeds  3  found  3  fp   0  proved  3            0.7s
  robin_rodrigue__33241__Phillip e-mail.xlsx     seeds  3  found  3  fp   0  proved  3            9.2s
  scott_neal__38672__6th floorplan 01.30a.xlsx   seeds  4  found  3  fp   0  proved  3           17.1s
WARNING:root:Defined name SAPFuncF4Help refers to empty cell Main.SAPF4Help(). Is not being loaded.
WARNING:root:Defined name SAPFuncF4Help refers to empty cell Main.SAPF4Help(). Is not being loaded.
WARNING:root:Defined name SAPFuncF4Help refers to empty cell Main.SAPF4Help(). Is not being loaded.
WARNING:root:Defined name SAPFuncF4Help refers to empty cell Main.SAPF4Help(). Is not being loaded.
WARNING:root:Defined name SAPFuncF4Help refers to empty cell Main.SAPF4Help(). Is not being loaded.
WARNING:root:Defined name SAPFuncF4Help refers to empty cell Main.SAPF4Help(). Is not being loaded.
WARNING:root:Defined name SAPFuncF4Help refers to empty cell Main.SAPF4Help(). Is not being loaded.
WARNING:root:Defined name SAPFuncF4Help refers to empty cell Main.SAPF4Help(). Is not being loaded.
WARNING:root:Defined name SAPFuncF4Help refers to empty cell Main.SAPF4Help(). Is not being loaded.
WARNING:root:Defined name SAPFuncF4Help refers to empty cell Main.SAPF4Help(). Is not being loaded.
WARNING:root:Defined name SAPFuncF4Help refers to empty cell Main.SAPF4Help(). Is not being loaded.
WARNING:root:Defined name SAPFuncF4Help refers to empty cell Main.SAPF4Help(). Is not being loaded.
WARNING:root:Defined name SAPFuncF4Help refers to empty cell Main.SAPF4Help(). Is not being loaded.
WARNING:root:Defined name SAPFuncF4Help refers to empty cell Main.SAPF4Help(). Is not being loaded.
WARNING:root:Defined name SAPFuncF4Help refers to empty cell Main.SAPF4Help(). Is not being loaded.
WARNING:root:Defined name SAPFuncF4Help refers to empty cell Main.SAPF4Help(). Is not being loaded.
WARNING:root:Defined name SAPFuncF4Help refers to empty cell Main.SAPF4Help(). Is not being loaded.
WARNING:root:Defined name SAPFuncF4Help refers to empty cell Main.SAPF4Help(). Is not being loaded.
WARNING:root:Defined name SAPFuncF4Help refers to empty cell Main.SAPF4Help(). Is not being loaded.
WARNING:root:Defined name SAPFuncF4Help refers to empty cell Main.SAPF4Help(). Is not being loaded.
WARNING:root:Defined name SAPFuncF4Help refers to empty cell Main.SAPF4Help(). Is not being loaded.
WARNING:root:Defined name SAPFuncF4Help refers to empty cell Main.SAPF4Help(). Is not being loaded.
WARNING:root:Defined name SAPFuncF4Help refers to empty cell Main.SAPF4Help(). Is not being loaded.
WARNING:root:Defined name SAPFuncF4Help refers to empty cell Main.SAPF4Help(). Is not being loaded.
WARNING:root:Defined name SAPFuncF4Help refers to empty cell Main.SAPF4Help(). Is not being loaded.
WARNING:root:Defined name SAPFuncF4Help refers to empty cell Main.SAPF4Help(). Is not being loaded.
WARNING:root:Defined name SAPFuncF4Help refers to empty cell Main.SAPF4Help(). Is not being loaded.
WARNING:root:Defined name SAPFuncF4Help refers to empty cell Main.SAPF4Help(). Is not being loaded.
  stacey_white__39000__Power CBO 2002 Plan Expen seeds  2  found  2  fp   0  proved  0  defer 68  19.8s
  stacey_white__39165__Power - Non-Terminated MT seeds  4  found  4  fp   0  proved  4           19.9s

==================================================================
  ARM: deterministic audit
==================================================================
  workbooks           21  (0 skipped)
  seeded errors       53
  found               49
  missed              4
  false positives     0
  pre-existing hits   362  (excluded from scoring)

  precision           1.000
  recall              0.925
  F1                  0.961
  proof rate          0.714

  min row peers       2

  recall by difficulty:
    obvious    1.000   (1/1)
    realistic  1.000   (22/22)
    silent     0.867   (26/30)

  proof budget        25 per workbook
  hit the budget      4 workbook(s), 221 finding(s) reported
                      but not proved. Detection is unaffected.

  wall clock          442.9s

wrote results\contig_p2.json
