seeding 24 workbooks (rng seed 42)

  [ok]   benjamin_rogers__1229__ENRON_$orion_1099.xlsx              3 seeds  HM
  [ok]   benjamin_rogers__1257__Case 1 Ch 3 version 3.xlsx          3 seeds  HM
  [ok]   chris_germany__1938__Mar2002_EstateGas.xlsx                4 seeds  HM
  [ok]   chris_germany__2230__2000ces08.xlsx                        3 seeds  HM
WARNING:root:Defined name FEB refers to empty cell Consolidated!#REF!. Is not being loaded.
WARNING:root:Defined name FEB refers to empty cell Consolidated!#REF!. Is not being loaded.
WARNING:root:Defined name FEB refers to empty cell Consolidated!#REF!. Is not being loaded.
WARNING:root:Defined name FEB refers to empty cell Consolidated!#REF!. Is not being loaded.
  [skip] daren_farmer__6140__Consolidated_2000.xlsx                 ValueError
  [ok]   darrell_schoolcraft__7407__SUNFLOWER - NNG - HOURLY - 2002 2 seeds  H
  [ok]   darrell_schoolcraft__7594__ONEOKRECAP2001.xlsx             4 seeds  HM
WARNING:root:Defined name eff_dt refers to empty cell 'Top Pages'!B5. Is not being loaded.
WARNING:root:Defined name PW refers to empty cell 'Top Pages'!B4. Is not being loaded.
WARNING:root:Defined name UID refers to empty cell 'Top Pages'!B3. Is not being loaded.
WARNING:root:Defined name eff_dt refers to empty cell 'Top Pages'!B5. Is not being loaded.
WARNING:root:Defined name PW refers to empty cell 'Top Pages'!B4. Is not being loaded.
WARNING:root:Defined name UID refers to empty cell 'Top Pages'!B3. Is not being loaded.
WARNING:root:Defined name eff_dt refers to empty cell 'Top Pages'!B5. Is not being loaded.
WARNING:root:Defined name PW refers to empty cell 'Top Pages'!B4. Is not being loaded.
WARNING:root:Defined name UID refers to empty cell 'Top Pages'!B3. Is not being loaded.
WARNING:root:Defined name eff_dt refers to empty cell 'Top Pages'!B5. Is not being loaded.
WARNING:root:Defined name PW refers to empty cell 'Top Pages'!B4. Is not being loaded.
WARNING:root:Defined name UID refers to empty cell 'Top Pages'!B3. Is not being loaded.
  [ok]   darron_c_giron__8011__EMW 0921.xlsx                        3 seeds  HL
  [skip] diana_scholtes__8612__SchedC0514_Power West.xlsx           no viable seed sites
  [ok]   fletcher_sturm__10987__1019optsheet.xlsx                   2 seeds  HM
  [ok]   john_forney__15523__s_9-12-01.xlsx                         1 seeds  M
  [skip] john_zufferli__16801__marks.xlsx                           no viable seed sites
  [ok]   juan_hernandez__17720__SCHED2001.xlsx                      2 seeds  H
  [ok]   kate_symes__18314__EES April Dailies.xlsx                  2 seeds  H
  [ok]   lindy_donoho__21972__TW2010ProjCap&Rev.xlsx                4 seeds  HM
  [ok]   lisa_gang__22348__EES_Schedule.xlsx                        1 seeds  L
  [ok]   mary_fischer__25634__31Q.xlsx                              2 seeds  H
  [ok]   mike_carson__27556__102601 NE & NY Optionsheet.xlsx        1 seeds  M
  [ok]   richard_ring__31589__Renewable_Positions_2001_2013.xlsx    3 seeds  HM
  [ok]   robin_rodrigue__33241__Phillip e-mail.xlsx                 2 seeds  H
  [ok]   scott_neal__38672__6th floorplan 01.30a.xlsx               4 seeds  HM
WARNING:root:Defined name SAPFuncF4Help refers to empty cell Main.SAPF4Help(). Is not being loaded.
WARNING:root:Defined name SAPFuncF4Help refers to empty cell Main.SAPF4Help(). Is not being loaded.
WARNING:root:Defined name SAPFuncF4Help refers to empty cell Main.SAPF4Help(). Is not being loaded.
WARNING:root:Defined name SAPFuncF4Help refers to empty cell Main.SAPF4Help(). Is not being loaded.
  [ok]   stacey_white__39000__Power CBO 2002 Plan Expense.xlsx      3 seeds  HM
  [ok]   stacey_white__39165__Power - Non-Terminated MTM.xlsx       2 seeds  HL
  [ok]   tracy_geaccone__40381__San Juan.xlsx                       1 seeds  M

seeded 21 workbooks, 52 errors, skipped 3

by Panko class:
  hardcoding       29  (55.8%)
  mechanical       20  (38.5%)
  logic             3  ( 5.8%)

by difficulty:
  obvious           8  (15.4%)
  realistic        15  (28.8%)
  silent           29  (55.8%)

wrote results\seeding.json
